// Jest Snapshot v1, https://goo.gl/fbAQLP

exports[`test rendering synteny data 1`] = `
<div>
  <div
    class="makeStyles-loading"
    data-testid="loading-synteny"
  >
    Loading â€¦
    <div
      class="MuiLinearProgress-root MuiLinearProgress-colorPrimary MuiLinearProgress-indeterminate"
      role="progressbar"
    >
      <div
        class="MuiLinearProgress-bar MuiLinearProgress-barColorPrimary MuiLinearProgress-bar1Indeterminate"
      />
      <div
        class="MuiLinearProgress-bar MuiLinearProgress-bar2Indeterminate MuiLinearProgress-barColorPrimary"
      />
    </div>
  </div>
</div>
`;
